2026-08-26 04:03:15.598: [INFO] CurrentProfilePath: C:\MBA JKT (Taufiq)\Antigravity\WA Outomasi\wa_browser_profile\Default
2026-08-26 04:03:15.598: [INFO] Profiles total count: 1
2026-08-26 04:03:15.598: [INFO] Profile: name=Profile 1 path=C:\MBA JKT (Taufiq)\Antigravity\WA Outomasi\wa_browser_profile\Default lastActive=null
2026-08-26 04:03:15.598: [INFO] LastUsedProfileDir: C:\MBA JKT (Taufiq)\Antigravity\WA Outomasi\wa_browser_profile\Default
2026-08-26 04:03:15.598: [INFO] VisibilityChanged: 0
2026-08-26 04:03:15.676: [INFO] BookmarkNodeAdded, ABU: 0
2026-08-26 04:03:15.677: [INFO] BookmarkNodeAdded, ABU: 0
2026-08-26 04:03:15.677: [INFO] OnDoneLoading sync enabled: 0
2026-08-26 04:03:15.677: [INFO] BookmarkModelLoaded, ids_reassigned: 0
2026-08-26 04:03:15.677: [INFO] BookmarksLoadDropped droppedNodes=0
2026-08-26 04:03:15.677: [INFO] BookmarksSnapshot Startup total=2 bar=2 other=0 mobile=0 showBar=0 showBarNTP=1
2026-08-26 04:05:50.452: [INFO] BookmarksSnapshot Shutdown total=2 bar=2 other=0 mobile=0 showBar=0 showBarNTP=1
2026-08-26 04:05:54.770: [INFO] CurrentProfilePath: C:\MBA JKT (Taufiq)\Antigravity\WA Outomasi\wa_browser_profile\Default
2026-08-26 04:05:54.770: [INFO] Profiles total count: 1
2026-08-26 04:05:54.770: [INFO] Profile: name=Personal path=C:\MBA JKT (Taufiq)\Antigravity\WA Outomasi\wa_browser_profile\Default lastActive=2026-08-26T04:05:48.952Z
2026-08-26 04:05:54.770: [INFO] LastUsedProfileDir: C:\MBA JKT (Taufiq)\Antigravity\WA Outomasi\wa_browser_profile\Default
2026-08-26 04:05:54.771: [INFO] MostRecentlyActiveProfile: name=Personal path=C:\MBA JKT (Taufiq)\Antigravity\WA Outomasi\wa_browser_profile\Default lastActive=2026-08-26T04:05:48.952Z
2026-08-26 04:05:54.771: [INFO] VisibilityChanged: 0
2026-08-26 04:05:54.857: [INFO] OnDoneLoading sync enabled: 0
2026-08-26 04:05:54.857: [INFO] BookmarkModelLoaded, ids_reassigned: 0
2026-08-26 04:05:54.857: [INFO] BookmarksLoadDropped droppedNodes=0
2026-08-26 04:05:54.857: [INFO] BookmarksSnapshot Startup total=2 bar=2 other=0 mobile=0 showBar=0 showBarNTP=1
2026-08-26 04:11:11.746: [INFO] CurrentProfilePath: C:\MBA JKT (Taufiq)\Antigravity\WA Outomasi\wa_browser_profile\Default
2026-08-26 04:11:11.746: [INFO] Profiles total count: 1
2026-08-26 04:11:11.747: [INFO] Profile: name=Personal path=C:\MBA JKT (Taufiq)\Antigravity\WA Outomasi\wa_browser_profile\Default lastActive=2026-08-26T04:11:00.126Z
2026-08-26 04:11:11.747: [INFO] LastUsedProfileDir: C:\MBA JKT (Taufiq)\Antigravity\WA Outomasi\wa_browser_profile\Default
2026-08-26 04:11:11.747: [INFO] MostRecentlyActiveProfile: name=Personal path=C:\MBA JKT (Taufiq)\Antigravity\WA Outomasi\wa_browser_profile\Default lastActive=2026-08-26T04:11:00.126Z
2026-08-26 04:11:11.747: [INFO] VisibilityChanged: 0
2026-08-26 04:11:11.822: [INFO] OnDoneLoading sync enabled: 0
2026-08-26 04:11:11.822: [INFO] BookmarkModelLoaded, ids_reassigned: 0
2026-08-26 04:11:11.822: [INFO] BookmarksLoadDropped droppedNodes=0
2026-08-26 04:11:11.822: [INFO] BookmarksSnapshot Startup total=2 bar=2 other=0 mobile=0 showBar=0 showBarNTP=1
2026-08-26 04:18:35.342: [INFO] BookmarksSnapshot Shutdown total=2 bar=2 other=0 mobile=0 showBar=0 showBarNTP=1
2026-08-26 04:20:32.303: [INFO] CurrentProfilePath: C:\MBA JKT (Taufiq)\Antigravity\WA Outomasi\wa_browser_profile\Default
2026-08-26 04:20:32.303: [INFO] Profiles total count: 1
2026-08-26 04:20:32.303: [INFO] Profile: name=Personal path=C:\MBA JKT (Taufiq)\Antigravity\WA Outomasi\wa_browser_profile\Default lastActive=2026-08-26T04:16:23.191Z
2026-08-26 04:20:32.303: [INFO] LastUsedProfileDir: C:\MBA JKT (Taufiq)\Antigravity\WA Outomasi\wa_browser_profile\Default
2026-08-26 04:20:32.303: [INFO] MostRecentlyActiveProfile: name=Personal path=C:\MBA JKT (Taufiq)\Antigravity\WA Outomasi\wa_browser_profile\Default lastActive=2026-08-26T04:16:23.191Z
2026-08-26 04:20:32.303: [INFO] VisibilityChanged: 0
2026-08-26 04:20:32.372: [INFO] OnDoneLoading sync enabled: 0
2026-08-26 04:20:32.372: [INFO] BookmarkModelLoaded, ids_reassigned: 0
2026-08-26 04:20:32.372: [INFO] BookmarksLoadDropped droppedNodes=0
2026-08-26 04:20:32.372: [INFO] BookmarksSnapshot Startup total=2 bar=2 other=0 mobile=0 showBar=0 showBarNTP=1
2026-08-26 04:21:49.143: [INFO] BookmarksSnapshot Shutdown total=2 bar=2 other=0 mobile=0 showBar=0 showBarNTP=1
2026-08-26 04:22:28.880: [INFO] CurrentProfilePath: C:\MBA JKT (Taufiq)\Antigravity\WA Outomasi\wa_browser_profile\Default
2026-08-26 04:22:28.880: [INFO] Profiles total count: 1
2026-08-26 04:22:28.880: [INFO] Profile: name=Personal path=C:\MBA JKT (Taufiq)\Antigravity\WA Outomasi\wa_browser_profile\Default lastActive=2026-08-26T04:21:09.804Z
2026-08-26 04:22:28.880: [INFO] LastUsedProfileDir: C:\MBA JKT (Taufiq)\Antigravity\WA Outomasi\wa_browser_profile\Default
2026-08-26 04:22:28.880: [INFO] MostRecentlyActiveProfile: name=Personal path=C:\MBA JKT (Taufiq)\Antigravity\WA Outomasi\wa_browser_profile\Default lastActive=2026-08-26T04:21:09.804Z
2026-08-26 04:22:28.880: [INFO] VisibilityChanged: 0
2026-08-26 04:22:28.951: [INFO] OnDoneLoading sync enabled: 0
2026-08-26 04:22:28.951: [INFO] BookmarkModelLoaded, ids_reassigned: 0
2026-08-26 04:22:28.951: [INFO] BookmarksLoadDropped droppedNodes=0
2026-08-26 04:22:28.951: [INFO] BookmarksSnapshot Startup total=2 bar=2 other=0 mobile=0 showBar=0 showBarNTP=1
2026-08-26 04:24:58.721: [INFO] BookmarksSnapshot Shutdown total=2 bar=2 other=0 mobile=0 showBar=0 showBarNTP=1
2026-08-26 04:25:16.184: [INFO] CurrentProfilePath: C:\MBA JKT (Taufiq)\Antigravity\WA Outomasi\wa_browser_profile\Default
2026-08-26 04:25:16.184: [INFO] Profiles total count: 1
2026-08-26 04:25:16.184: [INFO] Profile: name=Personal path=C:\MBA JKT (Taufiq)\Antigravity\WA Outomasi\wa_browser_profile\Default lastActive=2026-08-26T04:23:47.863Z
2026-08-26 04:25:16.184: [INFO] LastUsedProfileDir: C:\MBA JKT (Taufiq)\Antigravity\WA Outomasi\wa_browser_profile\Default
2026-08-26 04:25:16.184: [INFO] MostRecentlyActiveProfile: name=Personal path=C:\MBA JKT (Taufiq)\Antigravity\WA Outomasi\wa_browser_profile\Default lastActive=2026-08-26T04:23:47.863Z
2026-08-26 04:25:16.184: [INFO] VisibilityChanged: 0
2026-08-26 04:25:16.266: [INFO] OnDoneLoading sync enabled: 0
2026-08-26 04:25:16.266: [INFO] BookmarkModelLoaded, ids_reassigned: 0
2026-08-26 04:25:16.266: [INFO] BookmarksLoadDropped droppedNodes=0
2026-08-26 04:25:16.266: [INFO] BookmarksSnapshot Startup total=2 bar=2 other=0 mobile=0 showBar=0 showBarNTP=1
2026-08-26 04:33:51.033: [INFO] BookmarksSnapshot Shutdown total=2 bar=2 other=0 mobile=0 showBar=0 showBarNTP=1
2026-08-26 04:36:47.020: [INFO] CurrentProfilePath: C:\MBA JKT (Taufiq)\Antigravity\WA Outomasi\wa_browser_profile\Default
2026-08-26 04:36:47.020: [INFO] Profiles total count: 1
2026-08-26 04:36:47.020: [INFO] Profile: name=Personal path=C:\MBA JKT (Taufiq)\Antigravity\WA Outomasi\wa_browser_profile\Default lastActive=2026-08-26T04:29:26.776Z
2026-08-26 04:36:47.020: [INFO] LastUsedProfileDir: C:\MBA JKT (Taufiq)\Antigravity\WA Outomasi\wa_browser_profile\Default
2026-08-26 04:36:47.020: [INFO] MostRecentlyActiveProfile: name=Personal path=C:\MBA JKT (Taufiq)\Antigravity\WA Outomasi\wa_browser_profile\Default lastActive=2026-08-26T04:29:26.776Z
2026-08-26 04:36:47.020: [INFO] VisibilityChanged: 0
2026-08-26 04:36:47.103: [INFO] OnDoneLoading sync enabled: 0
2026-08-26 04:36:47.103: [INFO] BookmarkModelLoaded, ids_reassigned: 0
2026-08-26 04:36:47.103: [INFO] BookmarksLoadDropped droppedNodes=0
2026-08-26 04:36:47.103: [INFO] BookmarksSnapshot Startup total=2 bar=2 other=0 mobile=0 showBar=0 showBarNTP=1
2026-08-26 05:52:29.715: [INFO] BookmarksSnapshot Shutdown total=2 bar=2 other=0 mobile=0 showBar=0 showBarNTP=1
2026-08-26 06:07:58.706: [INFO] CurrentProfilePath: C:\MBA JKT (Taufiq)\Antigravity\WA Automation\wa_browser_profile\Default
2026-08-26 06:07:58.706: [INFO] Profiles total count: 1
2026-08-26 06:07:58.707: [INFO] Profile: name=Personal path=C:\MBA JKT (Taufiq)\Antigravity\WA Automation\wa_browser_profile\Default lastActive=2026-08-26T05:52:10.577Z
2026-08-26 06:07:58.707: [INFO] LastUsedProfileDir: C:\MBA JKT (Taufiq)\Antigravity\WA Automation\wa_browser_profile\Default
2026-08-26 06:07:58.707: [INFO] MostRecentlyActiveProfile: name=Personal path=C:\MBA JKT (Taufiq)\Antigravity\WA Automation\wa_browser_profile\Default lastActive=2026-08-26T05:52:10.577Z
2026-08-26 06:07:58.707: [INFO] VisibilityChanged: 0
2026-08-26 06:07:58.774: [INFO] OnDoneLoading sync enabled: 0
2026-08-26 06:07:58.774: [INFO] BookmarkModelLoaded, ids_reassigned: 0
2026-08-26 06:07:58.774: [INFO] BookmarksLoadDropped droppedNodes=0
2026-08-26 06:07:58.774: [INFO] BookmarksSnapshot Startup total=2 bar=2 other=0 mobile=0 showBar=0 showBarNTP=1
2026-08-26 06:42:06.746: [INFO] CurrentProfilePath: C:\MBA JKT (Taufiq)\Antigravity\WA Automation\wa_browser_profile\Default
2026-08-26 06:42:06.746: [INFO] Profiles total count: 1
2026-08-26 06:42:06.747: [INFO] Profile: name=Personal path=C:\MBA JKT (Taufiq)\Antigravity\WA Automation\wa_browser_profile\Default lastActive=2026-08-26T06:14:52.618Z
2026-08-26 06:42:06.747: [INFO] LastUsedProfileDir: C:\MBA JKT (Taufiq)\Antigravity\WA Automation\wa_browser_profile\Default
2026-08-26 06:42:06.747: [INFO] MostRecentlyActiveProfile: name=Personal path=C:\MBA JKT (Taufiq)\Antigravity\WA Automation\wa_browser_profile\Default lastActive=2026-08-26T06:14:52.618Z
2026-08-26 06:42:06.747: [INFO] VisibilityChanged: 0
2026-08-26 06:42:06.824: [INFO] OnDoneLoading sync enabled: 0
2026-08-26 06:42:06.824: [INFO] BookmarkModelLoaded, ids_reassigned: 0
2026-08-26 06:42:06.824: [INFO] BookmarksLoadDropped droppedNodes=0
2026-08-26 06:42:06.824: [INFO] BookmarksSnapshot Startup total=2 bar=2 other=0 mobile=0 showBar=0 showBarNTP=1
2026-08-26 06:42:22.986: [INFO] VisibilityChanged: 1
2026-08-26 06:42:24.668: [INFO] VisibilityChanged: 0
2026-08-26 06:49:59.040: [INFO] BookmarksSnapshot Shutdown total=2 bar=2 other=0 mobile=0 showBar=0 showBarNTP=1
2026-08-26 07:29:32.486: [INFO] CurrentProfilePath: C:\MBA JKT (Taufiq)\Antigravity\WA Automation\wa_browser_profile\Default
2026-08-26 07:29:32.486: [INFO] Profiles total count: 1
2026-08-26 07:29:32.486: [INFO] Profile: name=Personal path=C:\MBA JKT (Taufiq)\Antigravity\WA Automation\wa_browser_profile\Default lastActive=2026-08-26T06:43:53.410Z
2026-08-26 07:29:32.486: [INFO] LastUsedProfileDir: C:\MBA JKT (Taufiq)\Antigravity\WA Automation\wa_browser_profile\Default
2026-08-26 07:29:32.486: [INFO] MostRecentlyActiveProfile: name=Personal path=C:\MBA JKT (Taufiq)\Antigravity\WA Automation\wa_browser_profile\Default lastActive=2026-08-26T06:43:53.410Z
2026-08-26 07:29:32.486: [INFO] VisibilityChanged: 0
2026-08-26 07:29:32.590: [INFO] OnDoneLoading sync enabled: 0
2026-08-26 07:29:32.590: [INFO] BookmarkModelLoaded, ids_reassigned: 0
2026-08-26 07:29:32.590: [INFO] BookmarksLoadDropped droppedNodes=0
2026-08-26 07:29:32.590: [INFO] BookmarksSnapshot Startup total=2 bar=2 other=0 mobile=0 showBar=0 showBarNTP=1
2026-08-26 11:02:34.758: [INFO] BookmarksSnapshot Shutdown total=2 bar=2 other=0 mobile=0 showBar=0 showBarNTP=1
2026-08-26 11:03:33.208: [INFO] CurrentProfilePath: C:\MBA JKT (Taufiq)\Antigravity\WA Automation\wa_browser_profile\Default
2026-08-26 11:03:33.208: [INFO] Profiles total count: 1
2026-08-26 11:03:33.208: [INFO] Profile: name=Personal path=C:\MBA JKT (Taufiq)\Antigravity\WA Automation\wa_browser_profile\Default lastActive=2026-08-26T10:22:11.656Z
2026-08-26 11:03:33.208: [INFO] LastUsedProfileDir: C:\MBA JKT (Taufiq)\Antigravity\WA Automation\wa_browser_profile\Default
2026-08-26 11:03:33.208: [INFO] MostRecentlyActiveProfile: name=Personal path=C:\MBA JKT (Taufiq)\Antigravity\WA Automation\wa_browser_profile\Default lastActive=2026-08-26T10:22:11.656Z
2026-08-26 11:03:33.208: [INFO] VisibilityChanged: 0
2026-08-26 11:03:33.297: [INFO] OnDoneLoading sync enabled: 0
2026-08-26 11:03:33.297: [INFO] BookmarkModelLoaded, ids_reassigned: 0
2026-08-26 11:03:33.297: [INFO] BookmarksLoadDropped droppedNodes=0
2026-08-26 11:03:33.297: [INFO] BookmarksSnapshot Startup total=2 bar=2 other=0 mobile=0 showBar=0 showBarNTP=1
2026-08-26 12:01:22.098: [INFO] BookmarksSnapshot Shutdown total=2 bar=2 other=0 mobile=0 showBar=0 showBarNTP=1
2026-08-26 17:07:56.822: [INFO] CurrentProfilePath: C:\MBA JKT (Taufiq)\Antigravity\WA Automation\wa_browser_profile\Default
2026-08-26 17:07:56.822: [INFO] Profiles total count: 1
2026-08-26 17:07:56.822: [INFO] Profile: name=Personal path=C:\MBA JKT (Taufiq)\Antigravity\WA Automation\wa_browser_profile\Default lastActive=2026-08-26T12:01:19.286Z
2026-08-26 17:07:56.822: [INFO] LastUsedProfileDir: C:\MBA JKT (Taufiq)\Antigravity\WA Automation\wa_browser_profile\Default
2026-08-26 17:07:56.822: [INFO] MostRecentlyActiveProfile: name=Personal path=C:\MBA JKT (Taufiq)\Antigravity\WA Automation\wa_browser_profile\Default lastActive=2026-08-26T12:01:19.286Z
2026-08-26 17:07:56.822: [INFO] VisibilityChanged: 0
2026-08-26 17:07:56.908: [INFO] OnDoneLoading sync enabled: 0
2026-08-26 17:07:56.908: [INFO] BookmarkModelLoaded, ids_reassigned: 0
2026-08-26 17:07:56.908: [INFO] BookmarksLoadDropped droppedNodes=0
2026-08-26 17:07:56.908: [INFO] BookmarksSnapshot Startup total=2 bar=2 other=0 mobile=0 showBar=0 showBarNTP=1
2026-08-26 17:24:43.454: [INFO] BookmarksSnapshot Shutdown total=2 bar=2 other=0 mobile=0 showBar=0 showBarNTP=1
2026-08-27 02:24:44.540: [INFO] CurrentProfilePath: C:\MBA JKT (Taufiq)\Antigravity\WA Automation\wa_browser_profile\Default
2026-08-27 02:24:44.540: [INFO] Profiles total count: 1
2026-08-27 02:24:44.541: [INFO] Profile: name=Personal path=C:\MBA JKT (Taufiq)\Antigravity\WA Automation\wa_browser_profile\Default lastActive=2026-08-26T17:17:40.435Z
2026-08-27 02:24:44.541: [INFO] LastUsedProfileDir: C:\MBA JKT (Taufiq)\Antigravity\WA Automation\wa_browser_profile\Default
2026-08-27 02:24:44.541: [INFO] MostRecentlyActiveProfile: name=Personal path=C:\MBA JKT (Taufiq)\Antigravity\WA Automation\wa_browser_profile\Default lastActive=2026-08-26T17:17:40.435Z
2026-08-27 02:24:44.541: [INFO] VisibilityChanged: 0
2026-08-27 02:24:44.630: [INFO] OnDoneLoading sync enabled: 0
2026-08-27 02:24:44.630: [INFO] BookmarkModelLoaded, ids_reassigned: 0
2026-08-27 02:24:44.630: [INFO] BookmarksLoadDropped droppedNodes=0
2026-08-27 02:24:44.630: [INFO] BookmarksSnapshot Startup total=2 bar=2 other=0 mobile=0 showBar=0 showBarNTP=1
2026-08-27 06:38:33.069: [INFO] BookmarksSnapshot Shutdown total=2 bar=2 other=0 mobile=0 showBar=0 showBarNTP=1
2026-08-27 13:30:52.657: [INFO] CurrentProfilePath: C:\MBA JKT (Taufiq)\Antigravity\WA Automation\wa_browser_profile\Default
2026-08-27 13:30:52.657: [INFO] Profiles total count: 1
2026-08-27 13:30:52.658: [INFO] Profile: name=Personal path=C:\MBA JKT (Taufiq)\Antigravity\WA Automation\wa_browser_profile\Default lastActive=2026-08-27T06:38:20.220Z
2026-08-27 13:30:52.658: [INFO] LastUsedProfileDir: C:\MBA JKT (Taufiq)\Antigravity\WA Automation\wa_browser_profile\Default
2026-08-27 13:30:52.658: [INFO] MostRecentlyActiveProfile: name=Personal path=C:\MBA JKT (Taufiq)\Antigravity\WA Automation\wa_browser_profile\Default lastActive=2026-08-27T06:38:20.220Z
2026-08-27 13:30:52.658: [INFO] VisibilityChanged: 0
2026-08-27 13:30:52.741: [INFO] OnDoneLoading sync enabled: 0
2026-08-27 13:30:52.741: [INFO] BookmarkModelLoaded, ids_reassigned: 0
2026-08-27 13:30:52.741: [INFO] BookmarksLoadDropped droppedNodes=0
2026-08-27 13:30:52.741: [INFO] BookmarksSnapshot Startup total=2 bar=2 other=0 mobile=0 showBar=0 showBarNTP=1
2026-08-27 13:41:49.708: [INFO] BookmarksSnapshot Shutdown total=2 bar=2 other=0 mobile=0 showBar=0 showBarNTP=1
2026-08-28 09:04:46.219: [INFO] CurrentProfilePath: C:\MBA JKT (Taufiq)\Antigravity\WA Automation\wa_browser_profile\Default
2026-08-28 09:04:46.219: [INFO] Profiles total count: 1
2026-08-28 09:04:46.220: [INFO] Profile: name=Personal path=C:\MBA JKT (Taufiq)\Antigravity\WA Automation\wa_browser_profile\Default lastActive=2026-08-27T13:41:46.468Z
2026-08-28 09:04:46.220: [INFO] LastUsedProfileDir: C:\MBA JKT (Taufiq)\Antigravity\WA Automation\wa_browser_profile\Default
2026-08-28 09:04:46.220: [INFO] MostRecentlyActiveProfile: name=Personal path=C:\MBA JKT (Taufiq)\Antigravity\WA Automation\wa_browser_profile\Default lastActive=2026-08-27T13:41:46.468Z
2026-08-28 09:04:46.220: [INFO] VisibilityChanged: 0
2026-08-28 09:04:46.320: [INFO] OnDoneLoading sync enabled: 0
2026-08-28 09:04:46.320: [INFO] BookmarkModelLoaded, ids_reassigned: 0
2026-08-28 09:04:46.320: [INFO] BookmarksLoadDropped droppedNodes=0
2026-08-28 09:04:46.320: [INFO] BookmarksSnapshot Startup total=2 bar=2 other=0 mobile=0 showBar=0 showBarNTP=1
2026-08-31 14:29:59.809: [INFO] CurrentProfilePath: C:\MBA JKT (Taufiq)\Antigravity\WA Automation\wa_browser_profile\Default
2026-08-31 14:29:59.809: [INFO] Profiles total count: 1
2026-08-31 14:29:59.809: [INFO] Profile: name=Personal path=C:\MBA JKT (Taufiq)\Antigravity\WA Automation\wa_browser_profile\Default lastActive=2026-08-28T09:09:49.025Z
2026-08-31 14:29:59.809: [INFO] LastUsedProfileDir: C:\MBA JKT (Taufiq)\Antigravity\WA Automation\wa_browser_profile\Default
2026-08-31 14:29:59.809: [INFO] MostRecentlyActiveProfile: name=Personal path=C:\MBA JKT (Taufiq)\Antigravity\WA Automation\wa_browser_profile\Default lastActive=2026-08-28T09:09:49.025Z
2026-08-31 14:29:59.809: [INFO] VisibilityChanged: 0
2026-08-31 14:29:59.890: [INFO] OnDoneLoading sync enabled: 0
2026-08-31 14:29:59.890: [INFO] BookmarkModelLoaded, ids_reassigned: 0
2026-08-31 14:29:59.890: [INFO] BookmarksLoadDropped droppedNodes=0
2026-08-31 14:29:59.890: [INFO] BookmarksSnapshot Startup total=2 bar=2 other=0 mobile=0 showBar=0 showBarNTP=1
2026-08-31 15:18:51.645: [INFO] BookmarksSnapshot Shutdown total=2 bar=2 other=0 mobile=0 showBar=0 showBarNTP=1
2026-08-31 23:13:55.831: [INFO] CurrentProfilePath: C:\MBA JKT (Taufiq)\Antigravity\WA Automation\wa_browser_profile\Default
2026-08-31 23:13:55.831: [INFO] Profiles total count: 1
2026-08-31 23:13:55.831: [INFO] Profile: name=Personal path=C:\MBA JKT (Taufiq)\Antigravity\WA Automation\wa_browser_profile\Default lastActive=2026-08-31T14:57:36.840Z
2026-08-31 23:13:55.831: [INFO] LastUsedProfileDir: C:\MBA JKT (Taufiq)\Antigravity\WA Automation\wa_browser_profile\Default
2026-08-31 23:13:55.831: [INFO] MostRecentlyActiveProfile: name=Personal path=C:\MBA JKT (Taufiq)\Antigravity\WA Automation\wa_browser_profile\Default lastActive=2026-08-31T14:57:36.840Z
2026-08-31 23:13:55.831: [INFO] VisibilityChanged: 0
2026-08-31 23:13:55.947: [INFO] OnDoneLoading sync enabled: 0
2026-08-31 23:13:55.948: [INFO] BookmarkModelLoaded, ids_reassigned: 0
2026-08-31 23:13:55.948: [INFO] BookmarksLoadDropped droppedNodes=0
2026-08-31 23:13:55.948: [INFO] BookmarksSnapshot Startup total=2 bar=2 other=0 mobile=0 showBar=0 showBarNTP=1
2026-08-31 23:23:22.916: [INFO] BookmarksSnapshot Shutdown total=2 bar=2 other=0 mobile=0 showBar=0 showBarNTP=1
2026-08-31 23:24:16.037: [INFO] CurrentProfilePath: C:\MBA JKT (Taufiq)\Antigravity\WA Automation\wa_browser_profile\Default
2026-08-31 23:24:16.037: [INFO] Profiles total count: 1
2026-08-31 23:24:16.037: [INFO] Profile: name=Personal path=C:\MBA JKT (Taufiq)\Antigravity\WA Automation\wa_browser_profile\Default lastActive=2026-08-31T23:14:09.257Z
2026-08-31 23:24:16.037: [INFO] LastUsedProfileDir: C:\MBA JKT (Taufiq)\Antigravity\WA Automation\wa_browser_profile\Default
2026-08-31 23:24:16.037: [INFO] MostRecentlyActiveProfile: name=Personal path=C:\MBA JKT (Taufiq)\Antigravity\WA Automation\wa_browser_profile\Default lastActive=2026-08-31T23:14:09.257Z
2026-08-31 23:24:16.037: [INFO] VisibilityChanged: 0
2026-08-31 23:24:16.162: [INFO] OnDoneLoading sync enabled: 0
2026-08-31 23:24:16.162: [INFO] BookmarkModelLoaded, ids_reassigned: 0
2026-08-31 23:24:16.162: [INFO] BookmarksLoadDropped droppedNodes=0
2026-08-31 23:24:16.162: [INFO] BookmarksSnapshot Startup total=2 bar=2 other=0 mobile=0 showBar=0 showBarNTP=1
2026-08-31 23:28:52.881: [INFO] CurrentProfilePath: C:\MBA JKT (Taufiq)\Antigravity\WA Automation\wa_browser_profile\Default
2026-08-31 23:28:52.881: [INFO] Profiles total count: 1
2026-08-31 23:28:52.881: [INFO] Profile: name=Personal path=C:\MBA JKT (Taufiq)\Antigravity\WA Automation\wa_browser_profile\Default lastActive=2026-08-31T23:24:16.087Z
2026-08-31 23:28:52.881: [INFO] LastUsedProfileDir: C:\MBA JKT (Taufiq)\Antigravity\WA Automation\wa_browser_profile\Default
2026-08-31 23:28:52.881: [INFO] MostRecentlyActiveProfile: name=Personal path=C:\MBA JKT (Taufiq)\Antigravity\WA Automation\wa_browser_profile\Default lastActive=2026-08-31T23:24:16.087Z
2026-08-31 23:28:52.881: [INFO] VisibilityChanged: 0
2026-08-31 23:28:52.954: [INFO] OnDoneLoading sync enabled: 0
2026-08-31 23:28:52.954: [INFO] BookmarkModelLoaded, ids_reassigned: 0
2026-08-31 23:28:52.954: [INFO] BookmarksLoadDropped droppedNodes=0
2026-08-31 23:28:52.954: [INFO] BookmarksSnapshot Startup total=2 bar=2 other=0 mobile=0 showBar=0 showBarNTP=1
2026-09-01 07:13:49.393: [INFO] CurrentProfilePath: C:\MBA JKT (Taufiq)\Antigravity\WA Automation\wa_browser_profile\Default
2026-09-01 07:13:49.394: [INFO] Profiles total count: 1
2026-09-01 07:13:49.394: [INFO] Profile: name=Personal path=C:\MBA JKT (Taufiq)\Antigravity\WA Automation\wa_browser_profile\Default lastActive=2026-08-31T23:28:52.935Z
2026-09-01 07:13:49.394: [INFO] LastUsedProfileDir: C:\MBA JKT (Taufiq)\Antigravity\WA Automation\wa_browser_profile\Default
2026-09-01 07:13:49.394: [INFO] MostRecentlyActiveProfile: name=Personal path=C:\MBA JKT (Taufiq)\Antigravity\WA Automation\wa_browser_profile\Default lastActive=2026-08-31T23:28:52.935Z
2026-09-01 07:13:49.394: [INFO] VisibilityChanged: 0
2026-09-01 07:13:49.515: [INFO] OnDoneLoading sync enabled: 0
2026-09-01 07:13:49.515: [INFO] BookmarkModelLoaded, ids_reassigned: 0
2026-09-01 07:13:49.515: [INFO] BookmarksLoadDropped droppedNodes=0
2026-09-01 07:13:49.515: [INFO] BookmarksSnapshot Startup total=2 bar=2 other=0 mobile=0 showBar=0 showBarNTP=1
2026-09-01 08:00:17.712: [INFO] BookmarksSnapshot Shutdown total=2 bar=2 other=0 mobile=0 showBar=0 showBarNTP=1
